current directory: /Users/swapneshsamaiya/Work/Practice/bunbutterjam/vendor/bundle/ruby/4.0.0/gems/date-3.5.1/ext/date
/opt/homebrew/opt/ruby/bin/ruby extconf.rb
checking for rb_category_warn()... yes
checking for timezone in time.h with -Werror... yes
checking for altzone in time.h with -Werror... no
creating Makefile

current directory: /Users/swapneshsamaiya/Work/Practice/bunbutterjam/vendor/bundle/ruby/4.0.0/gems/date-3.5.1/ext/date
make -j12 DESTDIR\= sitearchdir\=./.gem.20260513-38005-bm1gie sitelibdir\=./.gem.20260513-38005-bm1gie clean

current directory: /Users/swapneshsamaiya/Work/Practice/bunbutterjam/vendor/bundle/ruby/4.0.0/gems/date-3.5.1/ext/date
make -j12 DESTDIR\= sitearchdir\=./.gem.20260513-38005-bm1gie sitelibdir\=./.gem.20260513-38005-bm1gie
compiling date_core.c
compiling date_parse.c
compiling date_strftime.c
compiling date_strptime.c
linking shared-object date_core.bundle

current directory: /Users/swapneshsamaiya/Work/Practice/bunbutterjam/vendor/bundle/ruby/4.0.0/gems/date-3.5.1/ext/date
make -j12 DESTDIR\= sitearchdir\=./.gem.20260513-38005-bm1gie sitelibdir\=./.gem.20260513-38005-bm1gie install
/usr/bin/install -c -m 0755 date_core.bundle ./.gem.20260513-38005-bm1gie

current directory: /Users/swapneshsamaiya/Work/Practice/bunbutterjam/vendor/bundle/ruby/4.0.0/gems/date-3.5.1/ext/date
make DESTDIR\= sitearchdir\=./.gem.20260513-38005-bm1gie sitelibdir\=./.gem.20260513-38005-bm1gie clean
